# Elapsed time   CPU (%)     Real (MB)   Virtual (MB)
       0.003        0.000       96.535     1311.523
       1.010        0.000       96.535     1311.523
       2.012        0.000       96.535     1311.523
       3.014        0.000       96.535     1311.523
       4.015        0.000       96.535     1311.523
       5.017        0.000       96.535     1311.523
       6.019        0.000       96.535     1311.523
       7.021        0.000       96.535     1311.523
       8.022        0.000       96.535     1311.523
       9.023        0.000       96.535     1311.523
      10.025        0.000       96.535     1311.523
      11.027        0.000       96.535     1311.523
      12.029        0.000       96.535     1311.523
      13.030        0.000       96.535     1311.523
      14.031        0.000       96.535     1311.523
      15.033        0.000       96.535     1311.523
      16.035        0.000       96.535     1311.523
      17.037        0.000       96.535     1311.523
      18.038        0.000       96.535     1311.523
      19.039        0.000       96.535     1311.523
      20.041        0.000       96.535     1311.523
      21.044        0.000       96.535     1311.523
      22.045        0.000       96.535     1311.523
      23.047        0.000       96.535     1311.523
      24.048        1.000       96.535     1311.523
      25.049        0.000       96.535     1311.523
      26.063        0.000       96.535     1311.523
      27.065        0.000       96.535     1311.523
      28.067        0.000       96.535     1311.523
      29.068        2.000       96.535     1311.523
      30.070        0.000       96.535     1311.523
      31.073        0.000       96.535     1311.523
      32.075        0.000       96.535     1311.523
      33.076        0.000       96.535     1311.523
      34.078        0.000       96.535     1311.523
      35.079        0.000       96.535     1311.523
      36.082        0.000       96.535     1311.523
      37.083        0.000       96.535     1311.523
      38.085        0.000       96.535     1311.523
      39.086        0.000       96.535     1311.523
      40.087        1.000       96.535     1311.523
      41.091        0.000       96.535     1311.523
      42.093        1.000       96.535     1311.523
      43.094        0.000       96.535     1311.523
      44.095        1.000       96.535     1311.523
      45.096        5.000       96.539     1311.523
      46.097        6.000       96.430     1311.523
      47.099        0.000       96.430     1311.523
      48.100        0.000       96.430     1311.523
      49.101        0.000       96.430     1311.523
      50.103        0.000       96.430     1311.523
      51.105        0.000       96.430     1311.523
      52.112        0.000       96.430     1311.523
      53.113        0.000       96.430     1311.523
      54.115        0.000       96.430     1311.523
      55.115        0.000       96.430     1311.523
      56.116        0.000       96.430     1311.523
      57.118        0.000       96.430     1311.523
      58.119        0.000       96.430     1311.523
      59.121        0.000       96.430     1311.523
      60.121        3.000       96.586     1375.523
      61.122        2.000       96.586     1311.523
      62.123        0.000       96.586     1311.523
      63.125        0.000       96.586     1311.523
      64.126        3.000       96.586     1311.523
      65.128        0.000       96.586     1311.523
      66.129        0.000       96.586     1311.523
      67.131        2.000       96.586     1375.523
      68.132        2.000       96.590     1311.523
      69.133        3.000       96.590     1375.523
      70.135        3.000       96.438     1311.523
      71.136        0.000       96.438     1311.523
      72.138        0.000       96.438     1311.523
      73.139        0.000       96.438     1311.523
      74.140        0.000       96.438     1311.523
      75.142        0.000       96.438     1311.523
      76.143        0.000       96.438     1311.523
      77.145        0.000       96.438     1311.523
      78.146        0.000       96.438     1311.523
      79.147        0.000       96.438     1311.523
      80.148        0.000       96.438     1311.523
      81.149        0.000       96.438     1311.523
      82.154        0.000       96.438     1311.523
      83.155        0.000       96.438     1311.523
      84.156        0.000       96.438     1311.523
      85.158        0.000       96.438     1311.523
      86.184        0.000       96.438     1311.523
      87.185        0.000       96.438     1311.523
      88.187        0.000       96.438     1311.523
      89.188        0.000       96.438     1311.523
      90.189        0.000       96.438     1311.523
      91.192        0.000       96.438     1311.523
      92.193       13.000       96.438     1311.523
      93.195       10.000       96.438     1311.523
      94.196        6.000       96.438     1311.523
      95.198        6.000       96.438     1311.523
      96.217        4.900       96.438     1311.523
      97.218        9.000       96.438     1311.523
      98.219        6.000       96.438     1311.523
      99.221        0.000       96.438     1311.523
     100.222        0.000       96.438     1311.523
     101.232        0.000       96.438     1311.523
     102.234        0.000       96.438     1311.523
     103.235        0.000       96.438     1311.523
     104.236        0.000       96.438     1311.523
     105.238        0.000       96.438     1311.523
     106.241        0.000       96.438     1311.523
     107.243        0.000       96.438     1311.523
     108.244        0.000       96.438     1311.523
     109.246        0.000       96.438     1311.523
     110.247        0.000       96.438     1311.523
     111.251        0.000       96.438     1311.523
     112.252        0.000       96.438     1311.523
     113.254        0.000       96.438     1311.523
     114.255        0.000       96.438     1311.523
     115.257        0.000       96.438     1311.523
     116.260        0.000       96.438     1311.523
     117.261        0.000       96.438     1311.523
     118.263        0.000       96.438     1311.523
     119.264        0.000       96.438     1311.523
     120.266        0.000       96.438     1311.523
     121.268        0.000       96.438     1311.523
     122.270        0.000       96.438     1311.523
     123.271        0.000       96.438     1311.523
     124.273        0.000       96.438     1311.523
     125.274        1.000       96.438     1311.523
     126.276        0.000       96.438     1311.523
     127.278        0.000       96.438     1311.523
     128.279        0.000       96.438     1311.523
     129.281        0.000       96.438     1311.523
     130.282        0.000       96.438     1311.523
     131.285        0.000       96.438     1311.523
     132.286        0.000       96.438     1311.523
     133.287        0.000       96.438     1311.523
     134.289        0.000       96.438     1311.523
     135.290        0.000       96.438     1311.523
     136.291        0.000       96.438     1311.523
     137.293        0.000       96.438     1311.523
     138.294        0.000       96.438     1311.523
     139.296        0.000       96.438     1311.523
     140.297        0.000       96.438     1311.523
     141.299        0.000       96.438     1311.523
     142.299        0.000       96.438     1311.523
     143.301        0.000       96.438     1311.523
     144.302        0.000       96.438     1311.523
     145.303        0.000       96.438     1311.523
     146.305        0.000       96.438     1311.523
     147.306        0.000       96.438     1311.523
     148.307        0.000       96.438     1311.523
     149.309        0.000       96.438     1311.523
     150.310        0.000       96.438     1311.523
     151.311        0.000       96.438     1311.523
     152.314        0.000       96.438     1311.523
     153.315        0.000       96.438     1311.523
     154.316        0.000       96.438     1311.523
     155.318        0.000       96.438     1311.523
     156.319        0.000       96.438     1311.523
     157.331        0.000       96.438     1311.523
     158.332        0.000       96.438     1311.523
     159.334        0.000       96.438     1311.523
     160.335        0.000       96.438     1311.523
     161.337        0.000       96.438     1311.523
     162.338        2.000       96.438     1311.523
     163.339        0.000       96.438     1311.523
     164.341        0.000       96.438     1311.523
     165.342        0.000       96.438     1311.523
     166.344        0.000       96.438     1311.523
     167.345        0.000       96.438     1311.523
     168.346        0.000       96.438     1311.523
     169.347        0.000       96.438     1311.523
     170.349        2.000       96.438     1311.523
     171.350        3.000       96.438     1311.523
     172.352        1.000       96.438     1311.523
     173.353        0.000       96.438     1311.523
     174.354        0.000       96.438     1311.523
     175.356        0.000       96.438     1311.523
     176.357        0.000       96.438     1311.523
